=== bluesky
  ! bluesky hidroponik BLOCKED 403
  bluesky [hidroponik] 99
  bluesky [tanaman hidroponik] 53
  bluesky [sayur hidroponik] 23
  ! bluesky hydroponics BLOCKED 403
  bluesky [hydroponics] 99
  ! bluesky hydroponic gardening BLOCKED 403
  bluesky [hydroponic gardening] 97
  ! bluesky hydroponic garden BLOCKED 403
  bluesky [hydroponic garden] 95
  bluesky [hidroponik pemula] 1
  bluesky [belajar hidroponik] 12
  bluesky [mulai hidroponik] 16
  bluesky [cara hidroponik] 20
  bluesky [beginner hydroponics] 38
  bluesky [hydroponics beginner] 38
  ! bluesky new to hydroponics BLOCKED 403
  bluesky [new to hydroponics] 99
  ! bluesky first hydroponic BLOCKED 403
  bluesky [first hydroponic] 95
  bluesky [pengen hidroponik] 0
  bluesky [mau hidroponik] 1
  bluesky [ingin hidroponik] 5
  ! bluesky hydroponics at home BLOCKED 403
  bluesky [hydroponics at home] 79
  bluesky [want to start hydroponics] 14
  bluesky [thinking about hydroponics] 29
  bluesky [hidroponik gagal] 0
  bluesky [tanaman hidroponik mati] 0
  bluesky [daun kuning hidroponik] 0
  bluesky [akar busuk hidroponik] 0
  bluesky [hydroponic failure] 9
  bluesky [hydroponic problems] 35
  bluesky [root rot hydroponic] 16
  bluesky [hydroponic yellow leaves] 23
  bluesky [gave up hydroponics] 4
  bluesky [pH hidroponik] 1
  bluesky [TDS hidroponik] 0
  bluesky [EC hidroponik] 0
  bluesky [ppm hidroponik] 0
  bluesky [nutrisi hidroponik] 2
  ! bluesky AB mix BLOCKED 403
  bluesky [AB mix] 99
  bluesky [hydroponic pH] 86
  bluesky [hydroponic EC] 34
  bluesky [hydroponic ppm] 9
  ! bluesky hydroponic nutrients BLOCKED 403
  bluesky [hydroponic nutrients] 94
  bluesky [pH drift hydroponic] 1
  bluesky [air hidroponik] 20
  bluesky [suhu air hidroponik] 0
  bluesky [oksigen hidroponik] 0
  bluesky [aerator hidroponik] 0
  bluesky [water temperature hydroponics] 9
  bluesky [hydroponic water level] 22
  bluesky [hydroponic air pump] 10
  ! bluesky reservoir temperature BLOCKED 403
  bluesky [reservoir temperature] 83
  bluesky [sensor hidroponik] 1
  bluesky [monitoring hidroponik] 1
  bluesky [hidroponik otomatis] 3
  bluesky [IoT hidroponik] 5
  bluesky [hidroponik pintar] 0
  ! bluesky smart hydroponic BLOCKED 403
  bluesky [smart hydroponic] 82
  bluesky [hydroponic automation] 39
  bluesky [hydroponic sensor] 17
  bluesky [hydroponic controller] 9
  bluesky [hydroponic monitoring] 28
  bluesky [pH sensor hydroponic] 4
  bluesky [AI hidroponik] 0
  bluesky [AI hydroponics] 75
  ! bluesky AI garden BLOCKED 403
  bluesky [AI garden] 100
  bluesky [machine learning hydroponics] 5
  ! bluesky smart garden app BLOCKED 403
  bluesky [smart garden app] 51
  bluesky [beli hidroponik] 2
  bluesky [kit hidroponik] 0
  bluesky [harga kit hidroponik] 0
  bluesky [rekomendasi kit hidroponik] 0
  bluesky [paket hidroponik] 0
  bluesky [buy hydroponic kit] 3
  ! bluesky hydroponic kit BLOCKED 403
  bluesky [hydroponic kit] 50
  bluesky [hydroponic kit worth it] 3
  bluesky [aerogarden worth it] 12
  bluesky [best hydroponic system] 50
  bluesky [hidroponik berkelanjutan] 18
  bluesky [media tanam ramah lingkungan] 3
  ! bluesky sustainable hydroponics BLOCKED 403
  bluesky [sustainable hydroponics] 96
  bluesky [biodegradable growing media] 2
  bluesky [rockwool alternative] 4
  bluesky [rockwool environment] 1
  bluesky [ampas tebu media tanam] 0
  bluesky [limbah tebu] 15
  bluesky [ampas tebu] 11
  ! bluesky sugarcane bagasse BLOCKED 403
  bluesky [sugarcane bagasse] 77
  bluesky [bagasse growing media] 0
  bluesky [bagasse hydroponics] 0
  bluesky [bagasse substrate] 4
  bluesky [hidroponik lahan sempit] 6
  bluesky [hidroponik balkon] 0
  bluesky [hidroponik rumah] 32
  bluesky [hidroponik kos] 1
  bluesky [urban gardening hydroponic] 23
  bluesky [small space hydroponics] 36
  bluesky [apartment hydroponics] 58
  bluesky [balcony hydroponics] 39
  bluesky [pengalaman hidroponik] 0
  bluesky [kesalahan hidroponik pemula] 0
  bluesky [tips hidroponik] 2
  bluesky [hydroponic beginner mistakes] 1
  bluesky [lessons learned hydroponics] 2
  bluesky [hydroponics not worth it] 2
  ! bluesky aerogarden BLOCKED 403
  bluesky [aerogarden] 99
  ! bluesky click and grow BLOCKED 403
  bluesky [click and grow] 97
  ! bluesky lettuce grow BLOCKED 403
  bluesky [lettuce grow] 98
  ! bluesky gardyn BLOCKED 403
  bluesky [gardyn] 98
  ! bluesky rise gardens BLOCKED 403
  bluesky [rise gardens] 100
  ! bluesky kratky BLOCKED 403
  bluesky [kratky] 98
=== bluesky SUCCESS req=220 obj=3421
