=== lemmy
  lemmy lemmy.world hydroponic Posts 228
  lemmy lemmy.world hydroponic Comments 661
  lemmy lemmy.world hydroponics Posts 111
  lemmy lemmy.world hydroponics Comments 406
  lemmy lemmy.world hidroponik Posts 0
  lemmy lemmy.world hidroponik Comments 0
  lemmy lemmy.world kratky Posts 45
  lemmy lemmy.world kratky Comments 53
  lemmy lemmy.world aerogarden Posts 5
  lemmy lemmy.world aerogarden Comments 24
  lemmy lemmy.world click and grow Posts 679
  lemmy lemmy.world click and grow Comments 485
  lemmy lemmy.world rockwool Posts 20
  lemmy lemmy.world rockwool Comments 53
  lemmy lemmy.world nutrient solution Posts 136
  lemmy lemmy.world nutrient solution Comments 123
  lemmy lemmy.world grow tent lettuce Posts 19
  lemmy lemmy.world grow tent lettuce Comments 10
  lemmy lemmy.world indoor garden Posts 95
  lemmy lemmy.world indoor garden Comments 139
  lemmy lemmy.ml hydroponic Posts 206
  lemmy lemmy.ml hydroponic Comments 718
  lemmy lemmy.ml hydroponics Posts 100
  lemmy lemmy.ml hydroponics Comments 451
  lemmy lemmy.ml hidroponik Posts 0
  lemmy lemmy.ml hidroponik Comments 0
  lemmy lemmy.ml kratky Posts 46
  lemmy lemmy.ml kratky Comments 72
  lemmy lemmy.ml aerogarden Posts 6
  lemmy lemmy.ml aerogarden Comments 28
  lemmy lemmy.ml click and grow Posts 631
  lemmy lemmy.ml click and grow Comments 400
  lemmy lemmy.ml rockwool Posts 0
  lemmy lemmy.ml rockwool Comments 0
  lemmy lemmy.ml nutrient solution Posts 0
  lemmy lemmy.ml nutrient solution Comments 0
  lemmy lemmy.ml grow tent lettuce Posts 0
  lemmy lemmy.ml grow tent lettuce Comments 0
  lemmy lemmy.ml indoor garden Posts 0
  lemmy lemmy.ml indoor garden Comments 0
  lemmy sh.itjust.works hydroponic Posts 200
  lemmy sh.itjust.works hydroponic Comments 655
  lemmy sh.itjust.works hydroponics Posts 104
  lemmy sh.itjust.works hydroponics Comments 403
  lemmy sh.itjust.works hidroponik Posts 0
  lemmy sh.itjust.works hidroponik Comments 0
  lemmy sh.itjust.works kratky Posts 44
  lemmy sh.itjust.works kratky Comments 60
  lemmy sh.itjust.works aerogarden Posts 4
  lemmy sh.itjust.works aerogarden Comments 26
  lemmy sh.itjust.works click and grow Posts 647
  lemmy sh.itjust.works click and grow Comments 473
  lemmy sh.itjust.works rockwool Posts 31
  lemmy sh.itjust.works rockwool Comments 139
  lemmy sh.itjust.works nutrient solution Posts 123
  lemmy sh.itjust.works nutrient solution Comments 122
  lemmy sh.itjust.works grow tent lettuce Posts 21
  lemmy sh.itjust.works grow tent lettuce Comments 10
  lemmy sh.itjust.works indoor garden Posts 112
  lemmy sh.itjust.works indoor garden Comments 135
  lemmy slrpnk.net hydroponic Posts 181
  lemmy slrpnk.net hydroponic Comments 634
  lemmy slrpnk.net hydroponics Posts 94
  lemmy slrpnk.net hydroponics Comments 50
  lemmy slrpnk.net hidroponik Posts 0
  lemmy slrpnk.net hidroponik Comments 0
  lemmy slrpnk.net kratky Posts 0
  lemmy slrpnk.net kratky Comments 0
  lemmy slrpnk.net aerogarden Posts 5
  lemmy slrpnk.net aerogarden Comments 0
  lemmy slrpnk.net click and grow Posts 0
  lemmy slrpnk.net click and grow Comments 0
  lemmy slrpnk.net rockwool Posts 11
  lemmy slrpnk.net rockwool Comments 0
  lemmy slrpnk.net nutrient solution Posts 0
  lemmy slrpnk.net nutrient solution Comments 50
  lemmy slrpnk.net grow tent lettuce Posts 4
  lemmy slrpnk.net grow tent lettuce Comments 0
  lemmy slrpnk.net indoor garden Posts 0
  lemmy slrpnk.net indoor garden Comments 50
=== lemmy SUCCESS req=266 obj=10338
