=== mastodon
  mastodon mastodon.social #hydroponics 800
  mastodon mastodon.social #hydroponic 244
  mastodon mastodon.social #hydroponik 42
  mastodon mastodon.social #hidroponik 5
  mastodon mastodon.social #aerogarden 148
  mastodon mastodon.social #kratky 155
  mastodon mastodon.social #indoorgardening 717
  mastodon mstdn.social #hydroponics 0
  mastodon mstdn.social #hydroponic 0
  mastodon mstdn.social #hydroponik 0
  mastodon mstdn.social #hidroponik 0
  mastodon mstdn.social #aerogarden 0
  mastodon mstdn.social #kratky 0
  mastodon mstdn.social #indoorgardening 0
  mastodon fosstodon.org #hydroponics 800
  mastodon fosstodon.org #hydroponic 179
  mastodon fosstodon.org #hydroponik 28
  mastodon fosstodon.org #hidroponik 0
  mastodon fosstodon.org #aerogarden 130
  mastodon fosstodon.org #kratky 178
  mastodon fosstodon.org #indoorgardening 554
  mastodon mastodon.online #hydroponics 800
  mastodon mastodon.online #hydroponic 231
  mastodon mastodon.online #hydroponik 40
  mastodon mastodon.online #hidroponik 5
  mastodon mastodon.online #aerogarden 141
  mastodon mastodon.online #kratky 161
  mastodon mastodon.online #indoorgardening 628
  mastodon mas.to #hydroponics 770
  mastodon mas.to #hydroponic 200
  mastodon mas.to #hydroponik 28
  mastodon mas.to #hidroponik 1
  mastodon mas.to #aerogarden 122
  mastodon mas.to #kratky 120
  mastodon mas.to #indoorgardening 585
=== mastodon SUCCESS req=218 obj=7812
