=== src.normalization.normalize 20:26:24
  youtube: 83303 bronze rows, 83303 unique ids
  reddit: 17269 bronze rows, 17268 unique ids
  bluesky: 3708 bronze rows, 3238 unique ids
  mastodon: 7812 bronze rows, 2953 unique ids
  lemmy: 10338 bronze rows, 3358 unique ids
  hackernews: 10859 bronze rows, 8868 unique ids
  stackexchange: 1217 bronze rows, 993 unique ids
  forums: 4963 bronze rows, 4963 unique ids
TOTAL bronze 139469 unique 124944
=== src.quality.silver 20:26:35
bronze rows 139469
unique source objects 124944
language detection ...
silver rows 124944
                   n  relevant  cannabis  spam   dup
platform                                            
bluesky         3238      1885        61     7   156
gardenweb       4963      4963       103     0    20
hackernews      8868      1877       326    26   144
lemmy           3358      1406       288   224   255
mastodon        2953      2358        78     9    82
reddit         17268     17268       509     6   645
stackexchange    993       412        26     0     2
youtube        83303     66117       405   400  2659
=== src.nlp.run_nlp 20:34:25
Warning: You are sending unauthenticated requests to the HF Hub. Please set a HF_TOKEN to enable higher rate limits and faster downloads.
gold candidates 84943 | core scope 83749
gold (pre-semantic-dedup) 84943
semantic near-duplicates flagged 335
gold after NLP 84608
=== src.nlp.topics 21:24:05
25 1668 8 | nutrisi, calcium, nutrisinya, ppm, nutrients, nitrate, nutrient, apa, mix, calcium nitrate
26 1657 5 | berapa, pipa, ukuran, lubang, jarak, bang, brp, mas, paralon, inch
27 1604 8 | hujan, temperature, air, atap, heat, water, chiller, panas, kena, suhu
28 1488 6 | pak, kak, bang, kasih, siap, mas, terima, terima kasih, infonya, janurinurhidayat
29 1472 8 | petani, food, farming, farm, tanah, pertanian, soil, grow, farmers, video
30 1461 8 | plastic, foam, plastics, black, food, pool, cups, buckets, plastik, botol
31 1248 8 | aerogarden, bounty, grow, pods, harvest, elite, garden, new, seed, aero
32 1215 7 | bos, posts week, mana, posts, dimana, lokasi, project, boss, link, belajar
33 960 8 | kain, flanel, bagasse, hijau, kain flanel, cotton, green house, green, sugarcane, wool
34 913 8 | aphids, bugs, plants, cat, fungus, spider, pests, nyamuk, cats, gnats
35 755 7 | hari, berapa, jam, panen, berapa hari, bulan, lama, berapa lama, sekali, bang
36 746 8 | tower, solar, towers, tower garden, garden, printed, hydroponic, hydroponic tower, pump, hydroponics
37 621 8 | algae, peroxide, water, hydrogen, hydrogen peroxide, oxygen, light, roots, plants, root
38 537 8 | strawberries, strawberry, grow, plants, berries, growing, runners, growing strawberries, strawberry plants, fr
39 379 7 | channel, subscribe, dexter, subscriber, love, subscribed, instagram, new subscriber, subscribe channel, love c
=== src.persona.cluster 21:26:55
   k  silhouette  bootstrap_ari_mean  bootstrap_ari_sd  ari_vs_ward  min_cluster_share
0  2      0.0840               0.709             0.426        0.240              0.203
1  3      0.1166               0.546             0.181        0.582              0.159
2  4      0.1528               0.713             0.143        0.374              0.144
3  5      0.1804               0.756             0.139        0.379              0.124
4  6      0.2025               0.698             0.165        0.282              0.083
5  7      0.2147               0.584             0.125        0.210              0.071
6  8      0.2341               0.729             0.152        0.246              0.073
k = 5 {'dominant_platform': 'youtube', 'ari_platform_balanced': 0.275, 'ari_without_dominant': 0.368, 'n_balanced': 4693, 'n_without_dominant': 12328}
0 12441 0.4774 ['pain:COST', 'tech:sensor_automation_app', 'price:CHEAP_LANGUAGE', 'intent:COMPARISON', 'pain:NUTRIENTS', 'pain:PLANT_HEALTH', 'ctx:kit_brand', 'intent:INFORMATION_SEEKING']
1 3850 0.1477 ['intent:PROBLEM_SOLVING', 'pain:PLANT_HEALTH', 'intent:INFORMATION_SEEKING', 'ctx:kit_brand', 'exp:BEGINNER', 'intent:INSPIRATION', 'feat:education']
2 2849 0.1093 ['exp:BEGINNER', 'intent:INFORMATION_SEEKING']
3 3109 0.1193 ['intent:INSPIRATION', 'intent:INFORMATION_SEEKING', 'exp:BEGINNER', 'ctx:kit_brand']
4 3812 0.1463 ['feat:education', 'exp:BEGINNER', 'intent:INSPIRATION', 'intent:INFORMATION_SEEKING']
=== src.reporting.analysis 21:27:29
 ],
 "languages_top": {
  "en": 48759,
  "id": 31643,
  "tl": 1741,
  "de": 312,
  "pt": 258,
  "es": 256,
  "ms": 213,
  "fi": 206
 },
 "date_min": "2002-01-28",
 "date_max": "2026-10-07"
}
pain spearman A/B 0.975 A/C 0.939
=== DONE 21:27:44
