=== src.normalization.normalize 21:32:32
  youtube: 83303 bronze rows, 83303 unique ids
  reddit: 22567 bronze rows, 22402 unique ids
  bluesky: 3708 bronze rows, 3238 unique ids
  mastodon: 7812 bronze rows, 2953 unique ids
  lemmy: 10338 bronze rows, 3358 unique ids
  hackernews: 10859 bronze rows, 8868 unique ids
  stackexchange: 1217 bronze rows, 993 unique ids
  forums: 10904 bronze rows, 10904 unique ids
TOTAL bronze 150708 unique 136019
=== src.quality.silver 21:32:45
bronze rows 150708
unique source objects 136019
language detection ...
silver rows 136019
                   n  relevant  cannabis  spam   dup
platform                                            
bluesky         3238      1842        61     7   158
gardenweb      10904     10904       188     0    43
hackernews      8868      1877       326    28   144
lemmy           3358      1406       288   225   255
mastodon        2953      2358        78     9    83
reddit         22402     21077       664    18   805
stackexchange    993       412        26     0     2
youtube        83303     64988       405   404  2666
=== src.nlp.run_nlp 21:41:09
gold candidates 93473 | core scope 92066
gold (pre-semantic-dedup) 93473
semantic near-duplicates flagged 348
gold after NLP 93125
=== src.nlp.topics 21:53:36
{'k_selected': 35, 'silhouette_sweep': {20: 0.3335, 25: 0.3337, 30: 0.3562, 35: 0.3634, 40: 0.3579}, 'nmi_vs_nmf': 0.182, 'ari_vs_nmf': 0.049, 'hdbscan_leaf_clusters': 53, 'hdbscan_leaf_outlier_share': 0.535, 'nmi_vs_hdbscan_leaf_nonoutliers': 0.875}
0 5580 7 | bang, kak, pak, mas, coba, mantap, mau, apa, mana, dont
1 5250 7 | bermanfaat, kasih, ilmunya, terima, terimakasih, terima kasih, semoga, sangat, sukses, ilmu
2 4771 8 | hydroponics, hidroponik, hydroponic, fish, hydro, aquaponics, water, video, systems, ikan
3 4734 7 | sir, ang, bang, kak, mas, pak, salam, lang, ako, yung
4 4453 8 | nutrisi, ppm, nutrients, nutrient, water, calcium, solution, air, nitrate, mix
5 4099 8 | hydroponics, hydroponic, grow, garden, plants, indoor, growing, gardening, water, soil
6 3931 8 | tanaman, seeds, plants, plant, melon, benih, daun, seed, grow, buah
7 3854 8 | basil, leaves, plant, plants, seeds, roots, growing, grow, pods, seed
8 3553 8 | tomatoes, tomato, peppers, plants, plant, pepper, growing, leaves, grow, cherry
9 3419 8 | sangat, bos, belajar, sukses, tutorial, menginspirasi, tutorialnya, kreatif, mantap, idea
10 3105 8 | roots, water, plants, root, plant, grow, growing, nutrient, coco, net
11 3080 8 | apa, bang, mix, pakai, mas, pupuk, pake, kak, pak, rockwool
12 3037 8 | air, water, airnya, apa, kak, pakai, hidroponik, hari, tap, kalo
13 2746 8 | light, lights, led, grow, matahari, lighting, plants, sinar, leds, sinar matahari
14 2733 8 | beli, harga, berapa, toko, jual, dimana, kak, online, modal, bang
15 2673 8 | farming, food, hydroponics, land, hydroponic, people, farm, vertical, farms, agriculture
16 2596 8 | nutrients, soil, organic, water, fertilizer, nutrient, plants, hydroponics, hydroponic, compost
17 2273 7 | garden, gardening, berkebun, grow, video, petani, love, kebun, growing, green
18 2257 8 | ppm, meter, liter, tds, air, berapa, liter air, kalibrasi, sensor, pekatan
19 2182 8 | sayuran, sayur, daun, vegetables, bawang, grow, buah, greens, mix, tanaman
20 2085 8 | lettuce, grow, growing, kratky, spinach, salad, plants, seeds, water, plant
21 2075 6 | video, videos, great video, great, videonya, youtube, kak, love, vidio, channel
22 1902 7 | pump, pompa, pipe, pumps, pvc, air, water, pressure, listrik, power
23 1772 8 | water, pump, air, bucket, buckets, reservoir, drain, flow, gallon, dwc
24 1715 8 | plastic, foam, plastik, plastics, food, black, cups, pool, pvc, safe
25 1702 8 | hujan, temperature, air, water, heat, chiller, atap, temp, fan, panas
26 1655 6 | berapa, pipa, ukuran, lubang, jarak, bang, brp, mas, paralon, inch
27 1329 8 | aerogarden, bounty, pods, grow, harvest, garden, elite, aero, seed, new
28 1308 8 | hari, kain, berapa, panen, jam, apa, timer, flanel, kak, berapa hari
29 1189 7 | channel, media, posts week, posts, link, music, post, week, subscribe, media tanam
30 1186 8 | project, setup, dwc, sistem, kratky, nft, gardyn, build, update, work
31 1123 8 | aphids, bugs, plants, spider, cat, neem, fungus, mites, plant, spray
32 920 8 | algae, peroxide, oxygen, water, hydrogen, hydrogen peroxide, roots, plants, light, air
33 788 8 | tower, solar, towers, tower garden, garden, hydroponic, printed, hydroponic tower, pump, hydroponics
34 648 8 | strawberries, strawberry, plants, grow, berries, runners, growing, strawberry plants, hydroponic strawberries,
=== src.persona.cluster 21:56:23
   k  silhouette  bootstrap_ari_mean  bootstrap_ari_sd  ari_vs_ward  min_cluster_share
0  2      0.0785               0.213             0.367       -0.058              0.155
1  3      0.1043               0.461             0.100        0.133              0.185
2  4      0.1461               0.677             0.177        0.153              0.123
3  5      0.1708               0.815             0.151        0.195              0.103
4  6      0.1908               0.676             0.222        0.191              0.094
5  7      0.2056               0.727             0.132        0.253              0.092
6  8      0.2124               0.661             0.096        0.165              0.048
k = 5 {'dominant_platform': 'youtube', 'ari_platform_balanced': 0.377, 'ari_without_dominant': 0.391, 'n_balanced': 4680, 'n_without_dominant': 16671}
0 3126 0.1031 ['exp:BEGINNER', 'intent:INFORMATION_SEEKING']
1 3492 0.1152 ['intent:INSPIRATION', 'exp:BEGINNER', 'intent:INFORMATION_SEEKING', 'ctx:kit_brand']
2 4261 0.1405 ['intent:PROBLEM_SOLVING', 'pain:PLANT_HEALTH', 'intent:INFORMATION_SEEKING', 'pain:NUTRIENTS', 'ctx:kit_brand', 'exp:BEGINNER']
3 14973 0.4938 ['pain:COST', 'tech:sensor_automation_app', 'price:CHEAP_LANGUAGE', 'price:NUMERIC_PRICE', 'pain:LIGHT', 'intent:COMPARISON', 'pain:NUTRIENTS', 'pain:PLANT_HEALTH']
4 4470 0.1474 ['feat:education', 'exp:BEGINNER', 'intent:INSPIRATION', 'intent:INFORMATION_SEEKING']
=== src.reporting.analysis 21:57:01
{
 "gold": 93125,
 "core": 91723,
 "customer_voice": 91068,
 "platforms": [
  "bluesky",
  "gardenweb",
  "hackernews",
  "lemmy",
  "mastodon",
  "reddit",
  "stackexchange",
  "youtube"
 ],
 "source_families": [
  "bluesky",
  "forums",
  "hackernews",
  "lemmy",
  "mastodon",
  "reddit",
  "stackexchange",
  "youtube"
 ],
 "languages_top": {
  "en": 57801,
  "id": 31139,
  "tl": 1733,
  "de": 313,
  "pt": 258,
  "es": 256,
  "ms": 213,
  "fi": 195
 },
 "date_min": "2002-01-28",
 "date_max": "2026-10-07"
}
pain spearman A/B 0.981 A/C 0.934
=== DONE 21:57:18
