  search [hidroponik] videos total 48
  search [tanaman hidroponik] videos total 74
  search [sayur hidroponik] videos total 96
  search [hydroponics] videos total 146
  search [hidroponik pemula] videos total 166
  search [belajar hidroponik] videos total 174
  search [mulai hidroponik] videos total 179
  search [cara hidroponik] videos total 186
  search [beginner hydroponics] videos total 215
  search [pengen hidroponik] videos total 220
  search [mau hidroponik] videos total 226
  search [ingin hidroponik] videos total 231
  search [hydroponics at home] videos total 248
  search [hidroponik gagal] videos total 275
  search [tanaman hidroponik mati] videos total 317
  search [daun kuning hidroponik] videos total 344
  search [akar busuk hidroponik] videos total 379
  search [hydroponic failure] videos total 426
  search [pH hidroponik] videos total 472
  search [TDS hidroponik] videos total 508
  search [EC hidroponik] videos total 536
  search [ppm hidroponik] videos total 568
  search [nutrisi hidroponik] videos total 600
  search [AB mix] videos total 639
  search [hydroponic pH] videos total 659
  search [air hidroponik] videos total 663
  search [suhu air hidroponik] videos total 690
  search [oksigen hidroponik] videos total 725
  search [aerator hidroponik] videos total 756
  search [water temperature hydroponics] videos total 799
  search [sensor hidroponik] videos total 829
  search [monitoring hidroponik] videos total 863
  search [hidroponik otomatis] videos total 873
  search [IoT hidroponik] videos total 895
  search [hidroponik pintar] videos total 910
  search [smart hydroponic] videos total 944
  search [AI hidroponik] videos total 972
  search [AI hydroponics] videos total 1003
  search [beli hidroponik] videos total 1015
  search [kit hidroponik] videos total 1048
  search [harga kit hidroponik] videos total 1057
  search [rekomendasi kit hidroponik] videos total 1070
  search [paket hidroponik] videos total 1076
  search [buy hydroponic kit] videos total 1100
  search [hidroponik berkelanjutan] videos total 1142
  search [media tanam ramah lingkungan] videos total 1189
  search [sustainable hydroponics] videos total 1218
  search [ampas tebu media tanam] videos total 1266
  search [limbah tebu] videos total 1304
  search [ampas tebu] videos total 1330
  search [sugarcane bagasse] videos total 1379
  search [hidroponik lahan sempit] videos total 1398
  search [hidroponik balkon] videos total 1418
  search [hidroponik rumah] videos total 1422
  search [hidroponik kos] videos total 1426
  search [urban gardening hydroponic] videos total 1444
  search [pengalaman hidroponik] videos total 1458
  search [kesalahan hidroponik pemula] videos total 1470
  search [tips hidroponik] videos total 1475
  search [hydroponic beginner mistakes] videos total 1492
  search [aerogarden] videos total 1539
youtube done; units used 6976
